/media/rccyuvyu/Data/share/c/c/Microcomputer/STM32/RM/damiao_mc02_bsp/dm02_mouse_test/User_File/1_Middleware/Driver/SPI/drv_spi.cpp:43:6:void SPI_Init(SPI_HandleTypeDef*, SPI_Callback)	0	static
/media/rccyuvyu/Data/share/c/c/Microcomputer/STM32/RM/damiao_mc02_bsp/dm02_mouse_test/User_File/1_Middleware/Driver/SPI/drv_spi.cpp:87:9:uint8_t SPI_Transmit_Data(SPI_HandleTypeDef*, GPIO_TypeDef*, uint16_t, GPIO_PinState, uint16_t)	16	static
/media/rccyuvyu/Data/share/c/c/Microcomputer/STM32/RM/damiao_mc02_bsp/dm02_mouse_test/User_File/1_Middleware/Driver/SPI/drv_spi.cpp:195:9:uint8_t SPI_Transmit_Receive_Data(SPI_HandleTypeDef*, GPIO_TypeDef*, uint16_t, GPIO_PinState, uint16_t, uint16_t)	32	static
/media/rccyuvyu/Data/share/c/c/Microcomputer/STM32/RM/damiao_mc02_bsp/dm02_mouse_test/User_File/1_Middleware/Driver/SPI/drv_spi.cpp:296:6:void HAL_SPI_TxCpltCallback(SPI_HandleTypeDef*)	8	static
/media/rccyuvyu/Data/share/c/c/Microcomputer/STM32/RM/damiao_mc02_bsp/dm02_mouse_test/User_File/1_Middleware/Driver/SPI/drv_spi.cpp:389:6:void HAL_SPI_TxRxCpltCallback(SPI_HandleTypeDef*)	8	static
