/media/rccyuvyu/Data/share/c/c/Microcomputer/STM32/RM/damiao_mc02_bsp/dm02_mouse_test/User_File/1_Middleware/Algorithm/Basic/alg_basic.cpp:40:6:void Basic_Math_Boolean_Logical_Not(bool*)	0	static
/media/rccyuvyu/Data/share/c/c/Microcomputer/STM32/RM/damiao_mc02_bsp/dm02_mouse_test/User_File/1_Middleware/Algorithm/Basic/alg_basic.cpp:57:6:void Basic_Math_Endian_Reverse_16(void*)	0	static
/media/rccyuvyu/Data/share/c/c/Microcomputer/STM32/RM/damiao_mc02_bsp/dm02_mouse_test/User_File/1_Middleware/Algorithm/Basic/alg_basic.cpp:73:10:uint16_t Basic_Math_Endian_Reverse_16(void*, void*)	0	static
/media/rccyuvyu/Data/share/c/c/Microcomputer/STM32/RM/damiao_mc02_bsp/dm02_mouse_test/User_File/1_Middleware/Algorithm/Basic/alg_basic.cpp:97:6:void Basic_Math_Endian_Reverse_32(void*)	0	static
/media/rccyuvyu/Data/share/c/c/Microcomputer/STM32/RM/damiao_mc02_bsp/dm02_mouse_test/User_File/1_Middleware/Algorithm/Basic/alg_basic.cpp:113:10:uint32_t Basic_Math_Endian_Reverse_32(void*, void*)	0	static
/media/rccyuvyu/Data/share/c/c/Microcomputer/STM32/RM/damiao_mc02_bsp/dm02_mouse_test/User_File/1_Middleware/Algorithm/Basic/alg_basic.cpp:141:9:uint8_t Basic_Math_Sum_8(const uint8_t*, uint32_t)	0	static
/media/rccyuvyu/Data/share/c/c/Microcomputer/STM32/RM/damiao_mc02_bsp/dm02_mouse_test/User_File/1_Middleware/Algorithm/Basic/alg_basic.cpp:158:10:uint16_t Basic_Math_Sum_16(const uint16_t*, uint32_t)	0	static
/media/rccyuvyu/Data/share/c/c/Microcomputer/STM32/RM/damiao_mc02_bsp/dm02_mouse_test/User_File/1_Middleware/Algorithm/Basic/alg_basic.cpp:175:10:uint32_t Basic_Math_Sum_32(const uint32_t*, uint32_t)	0	static
/media/rccyuvyu/Data/share/c/c/Microcomputer/STM32/RM/damiao_mc02_bsp/dm02_mouse_test/User_File/1_Middleware/Algorithm/Basic/alg_basic.cpp:212:9:int32_t Basic_Math_Float_To_Int(float, float, float, int32_t, int32_t)	0	static
/media/rccyuvyu/Data/share/c/c/Microcomputer/STM32/RM/damiao_mc02_bsp/dm02_mouse_test/User_File/1_Middleware/Algorithm/Basic/alg_basic.cpp:229:7:float Basic_Math_Int_To_Float(int32_t, int32_t, int32_t, float, float)	0	static
/media/rccyuvyu/Data/share/c/c/Microcomputer/STM32/RM/damiao_mc02_bsp/dm02_mouse_test/User_File/1_Middleware/Algorithm/Basic/alg_basic.cpp:242:6:bool Basic_Math_Is_Invalid_Float(float)	8	static
/media/rccyuvyu/Data/share/c/c/Microcomputer/STM32/RM/damiao_mc02_bsp/dm02_mouse_test/User_File/1_Middleware/Algorithm/Basic/alg_basic.cpp:272:7:float Basic_Math_Modulus_Normalization(float, float)	16	static
/media/rccyuvyu/Data/share/c/c/Microcomputer/STM32/RM/damiao_mc02_bsp/dm02_mouse_test/User_File/1_Middleware/Algorithm/Basic/alg_basic.h:114:6:Type Basic_Math_Abs(Type) [with Type = float]	0	static
/media/rccyuvyu/Data/share/c/c/Microcomputer/STM32/RM/damiao_mc02_bsp/dm02_mouse_test/User_File/1_Middleware/Algorithm/Basic/alg_basic.cpp:191:7:float Basic_Math_Sinc(float)	16	static
