/media/rccyuvyu/Data/share/c/c/Microcomputer/STM32/RM/damiao_mc02_bsp/dm02_mouse_test/USB_DEVICE/Target/usbd_conf.c:66:6:HAL_PCD_MspInit	200	static
/media/rccyuvyu/Data/share/c/c/Microcomputer/STM32/RM/damiao_mc02_bsp/dm02_mouse_test/USB_DEVICE/Target/usbd_conf.c:100:6:HAL_PCD_MspDeInit	8	static
/media/rccyuvyu/Data/share/c/c/Microcomputer/STM32/RM/damiao_mc02_bsp/dm02_mouse_test/USB_DEVICE/Target/usbd_conf.c:127:6:HAL_PCD_SetupStageCallback	8	static
/media/rccyuvyu/Data/share/c/c/Microcomputer/STM32/RM/damiao_mc02_bsp/dm02_mouse_test/USB_DEVICE/Target/usbd_conf.c:142:6:HAL_PCD_DataOutStageCallback	8	static
/media/rccyuvyu/Data/share/c/c/Microcomputer/STM32/RM/damiao_mc02_bsp/dm02_mouse_test/USB_DEVICE/Target/usbd_conf.c:157:6:HAL_PCD_DataInStageCallback	8	static
/media/rccyuvyu/Data/share/c/c/Microcomputer/STM32/RM/damiao_mc02_bsp/dm02_mouse_test/USB_DEVICE/Target/usbd_conf.c:171:6:HAL_PCD_SOFCallback	8	static
/media/rccyuvyu/Data/share/c/c/Microcomputer/STM32/RM/damiao_mc02_bsp/dm02_mouse_test/USB_DEVICE/Target/usbd_conf.c:185:6:HAL_PCD_ResetCallback	8	static
/media/rccyuvyu/Data/share/c/c/Microcomputer/STM32/RM/damiao_mc02_bsp/dm02_mouse_test/USB_DEVICE/Target/usbd_conf.c:218:6:HAL_PCD_SuspendCallback	8	static
/media/rccyuvyu/Data/share/c/c/Microcomputer/STM32/RM/damiao_mc02_bsp/dm02_mouse_test/USB_DEVICE/Target/usbd_conf.c:243:6:HAL_PCD_ResumeCallback	8	static
/media/rccyuvyu/Data/share/c/c/Microcomputer/STM32/RM/damiao_mc02_bsp/dm02_mouse_test/USB_DEVICE/Target/usbd_conf.c:261:6:HAL_PCD_ISOOUTIncompleteCallback	8	static
/media/rccyuvyu/Data/share/c/c/Microcomputer/STM32/RM/damiao_mc02_bsp/dm02_mouse_test/USB_DEVICE/Target/usbd_conf.c:276:6:HAL_PCD_ISOINIncompleteCallback	8	static
/media/rccyuvyu/Data/share/c/c/Microcomputer/STM32/RM/damiao_mc02_bsp/dm02_mouse_test/USB_DEVICE/Target/usbd_conf.c:290:6:HAL_PCD_ConnectCallback	8	static
/media/rccyuvyu/Data/share/c/c/Microcomputer/STM32/RM/damiao_mc02_bsp/dm02_mouse_test/USB_DEVICE/Target/usbd_conf.c:304:6:HAL_PCD_DisconnectCallback	8	static
/media/rccyuvyu/Data/share/c/c/Microcomputer/STM32/RM/damiao_mc02_bsp/dm02_mouse_test/USB_DEVICE/Target/usbd_conf.c:319:20:USBD_LL_Init	8	static
/media/rccyuvyu/Data/share/c/c/Microcomputer/STM32/RM/damiao_mc02_bsp/dm02_mouse_test/USB_DEVICE/Target/usbd_conf.c:516:9:USBD_LL_IsStallEP	0	static
/media/rccyuvyu/Data/share/c/c/Microcomputer/STM32/RM/damiao_mc02_bsp/dm02_mouse_test/USB_DEVICE/Target/usbd_conf.c:594:10:USBD_LL_GetRxDataSize	8	static
/media/rccyuvyu/Data/share/c/c/Microcomputer/STM32/RM/damiao_mc02_bsp/dm02_mouse_test/USB_DEVICE/Target/usbd_conf.c:619:7:USBD_static_malloc	0	static
/media/rccyuvyu/Data/share/c/c/Microcomputer/STM32/RM/damiao_mc02_bsp/dm02_mouse_test/USB_DEVICE/Target/usbd_conf.c:631:6:USBD_static_free	0	static
/media/rccyuvyu/Data/share/c/c/Microcomputer/STM32/RM/damiao_mc02_bsp/dm02_mouse_test/USB_DEVICE/Target/usbd_conf.c:641:6:USBD_LL_Delay	8	static
/media/rccyuvyu/Data/share/c/c/Microcomputer/STM32/RM/damiao_mc02_bsp/dm02_mouse_test/USB_DEVICE/Target/usbd_conf.c:651:20:USBD_Get_USB_Status	0	static
/media/rccyuvyu/Data/share/c/c/Microcomputer/STM32/RM/damiao_mc02_bsp/dm02_mouse_test/USB_DEVICE/Target/usbd_conf.c:372:20:USBD_LL_DeInit	8	static
/media/rccyuvyu/Data/share/c/c/Microcomputer/STM32/RM/damiao_mc02_bsp/dm02_mouse_test/USB_DEVICE/Target/usbd_conf.c:389:20:USBD_LL_Start	8	static
/media/rccyuvyu/Data/share/c/c/Microcomputer/STM32/RM/damiao_mc02_bsp/dm02_mouse_test/USB_DEVICE/Target/usbd_conf.c:406:20:USBD_LL_Stop	8	static
/media/rccyuvyu/Data/share/c/c/Microcomputer/STM32/RM/damiao_mc02_bsp/dm02_mouse_test/USB_DEVICE/Target/usbd_conf.c:426:20:USBD_LL_OpenEP	8	static
/media/rccyuvyu/Data/share/c/c/Microcomputer/STM32/RM/damiao_mc02_bsp/dm02_mouse_test/USB_DEVICE/Target/usbd_conf.c:444:20:USBD_LL_CloseEP	8	static
/media/rccyuvyu/Data/share/c/c/Microcomputer/STM32/RM/damiao_mc02_bsp/dm02_mouse_test/USB_DEVICE/Target/usbd_conf.c:462:20:USBD_LL_FlushEP	8	static
/media/rccyuvyu/Data/share/c/c/Microcomputer/STM32/RM/damiao_mc02_bsp/dm02_mouse_test/USB_DEVICE/Target/usbd_conf.c:480:20:USBD_LL_StallEP	8	static
/media/rccyuvyu/Data/share/c/c/Microcomputer/STM32/RM/damiao_mc02_bsp/dm02_mouse_test/USB_DEVICE/Target/usbd_conf.c:498:20:USBD_LL_ClearStallEP	8	static
/media/rccyuvyu/Data/share/c/c/Microcomputer/STM32/RM/damiao_mc02_bsp/dm02_mouse_test/USB_DEVICE/Target/usbd_conf.c:536:20:USBD_LL_SetUSBAddress	8	static
/media/rccyuvyu/Data/share/c/c/Microcomputer/STM32/RM/damiao_mc02_bsp/dm02_mouse_test/USB_DEVICE/Target/usbd_conf.c:556:20:USBD_LL_Transmit	8	static
/media/rccyuvyu/Data/share/c/c/Microcomputer/STM32/RM/damiao_mc02_bsp/dm02_mouse_test/USB_DEVICE/Target/usbd_conf.c:576:20:USBD_LL_PrepareReceive	8	static
