/media/rccyuvyu/Data/share/c/c/Microcomputer/STM32/RM/damiao_mc02_bsp/dm02_mouse_test/Core/Src/fdcan.c:32:6:MX_FDCAN1_Init	16	static
/media/rccyuvyu/Data/share/c/c/Microcomputer/STM32/RM/damiao_mc02_bsp/dm02_mouse_test/Core/Src/fdcan.c:80:6:MX_FDCAN2_Init	16	static
/media/rccyuvyu/Data/share/c/c/Microcomputer/STM32/RM/damiao_mc02_bsp/dm02_mouse_test/Core/Src/fdcan.c:128:6:MX_FDCAN3_Init	16	static
/media/rccyuvyu/Data/share/c/c/Microcomputer/STM32/RM/damiao_mc02_bsp/dm02_mouse_test/Core/Src/fdcan.c:178:6:HAL_FDCAN_MspInit	240	static
/media/rccyuvyu/Data/share/c/c/Microcomputer/STM32/RM/damiao_mc02_bsp/dm02_mouse_test/Core/Src/fdcan.c:311:6:HAL_FDCAN_MspDeInit	8	static
