/media/rccyuvyu/Data/share/c/c/Microcomputer/STM32/RM/damiao_mc02_bsp/dm02_mouse_test/Core/Src/stm32h7xx_it.c:100:6:NMI_Handler	0	static
/media/rccyuvyu/Data/share/c/c/Microcomputer/STM32/RM/damiao_mc02_bsp/dm02_mouse_test/Core/Src/stm32h7xx_it.c:115:6:HardFault_Handler	0	static
/media/rccyuvyu/Data/share/c/c/Microcomputer/STM32/RM/damiao_mc02_bsp/dm02_mouse_test/Core/Src/stm32h7xx_it.c:130:6:MemManage_Handler	0	static
/media/rccyuvyu/Data/share/c/c/Microcomputer/STM32/RM/damiao_mc02_bsp/dm02_mouse_test/Core/Src/stm32h7xx_it.c:145:6:BusFault_Handler	0	static
/media/rccyuvyu/Data/share/c/c/Microcomputer/STM32/RM/damiao_mc02_bsp/dm02_mouse_test/Core/Src/stm32h7xx_it.c:160:6:UsageFault_Handler	0	static
/media/rccyuvyu/Data/share/c/c/Microcomputer/STM32/RM/damiao_mc02_bsp/dm02_mouse_test/Core/Src/stm32h7xx_it.c:175:6:SVC_Handler	0	static
/media/rccyuvyu/Data/share/c/c/Microcomputer/STM32/RM/damiao_mc02_bsp/dm02_mouse_test/Core/Src/stm32h7xx_it.c:188:6:DebugMon_Handler	0	static
/media/rccyuvyu/Data/share/c/c/Microcomputer/STM32/RM/damiao_mc02_bsp/dm02_mouse_test/Core/Src/stm32h7xx_it.c:201:6:PendSV_Handler	0	static
/media/rccyuvyu/Data/share/c/c/Microcomputer/STM32/RM/damiao_mc02_bsp/dm02_mouse_test/Core/Src/stm32h7xx_it.c:214:6:SysTick_Handler	8	static
/media/rccyuvyu/Data/share/c/c/Microcomputer/STM32/RM/damiao_mc02_bsp/dm02_mouse_test/Core/Src/stm32h7xx_it.c:235:6:DMA1_Stream0_IRQHandler	8	static
/media/rccyuvyu/Data/share/c/c/Microcomputer/STM32/RM/damiao_mc02_bsp/dm02_mouse_test/Core/Src/stm32h7xx_it.c:249:6:DMA1_Stream1_IRQHandler	8	static
/media/rccyuvyu/Data/share/c/c/Microcomputer/STM32/RM/damiao_mc02_bsp/dm02_mouse_test/Core/Src/stm32h7xx_it.c:263:6:DMA1_Stream2_IRQHandler	8	static
/media/rccyuvyu/Data/share/c/c/Microcomputer/STM32/RM/damiao_mc02_bsp/dm02_mouse_test/Core/Src/stm32h7xx_it.c:277:6:DMA1_Stream3_IRQHandler	8	static
/media/rccyuvyu/Data/share/c/c/Microcomputer/STM32/RM/damiao_mc02_bsp/dm02_mouse_test/Core/Src/stm32h7xx_it.c:291:6:DMA1_Stream4_IRQHandler	8	static
/media/rccyuvyu/Data/share/c/c/Microcomputer/STM32/RM/damiao_mc02_bsp/dm02_mouse_test/Core/Src/stm32h7xx_it.c:305:6:DMA1_Stream5_IRQHandler	8	static
/media/rccyuvyu/Data/share/c/c/Microcomputer/STM32/RM/damiao_mc02_bsp/dm02_mouse_test/Core/Src/stm32h7xx_it.c:319:6:DMA1_Stream6_IRQHandler	8	static
/media/rccyuvyu/Data/share/c/c/Microcomputer/STM32/RM/damiao_mc02_bsp/dm02_mouse_test/Core/Src/stm32h7xx_it.c:333:6:FDCAN1_IT0_IRQHandler	8	static
/media/rccyuvyu/Data/share/c/c/Microcomputer/STM32/RM/damiao_mc02_bsp/dm02_mouse_test/Core/Src/stm32h7xx_it.c:347:6:FDCAN2_IT0_IRQHandler	8	static
/media/rccyuvyu/Data/share/c/c/Microcomputer/STM32/RM/damiao_mc02_bsp/dm02_mouse_test/Core/Src/stm32h7xx_it.c:361:6:FDCAN1_IT1_IRQHandler	8	static
/media/rccyuvyu/Data/share/c/c/Microcomputer/STM32/RM/damiao_mc02_bsp/dm02_mouse_test/Core/Src/stm32h7xx_it.c:375:6:FDCAN2_IT1_IRQHandler	8	static
/media/rccyuvyu/Data/share/c/c/Microcomputer/STM32/RM/damiao_mc02_bsp/dm02_mouse_test/Core/Src/stm32h7xx_it.c:389:6:TIM4_IRQHandler	8	static
/media/rccyuvyu/Data/share/c/c/Microcomputer/STM32/RM/damiao_mc02_bsp/dm02_mouse_test/Core/Src/stm32h7xx_it.c:403:6:SPI2_IRQHandler	8	static
/media/rccyuvyu/Data/share/c/c/Microcomputer/STM32/RM/damiao_mc02_bsp/dm02_mouse_test/Core/Src/stm32h7xx_it.c:417:6:USART1_IRQHandler	8	static
/media/rccyuvyu/Data/share/c/c/Microcomputer/STM32/RM/damiao_mc02_bsp/dm02_mouse_test/Core/Src/stm32h7xx_it.c:431:6:USART2_IRQHandler	8	static
/media/rccyuvyu/Data/share/c/c/Microcomputer/STM32/RM/damiao_mc02_bsp/dm02_mouse_test/Core/Src/stm32h7xx_it.c:445:6:USART3_IRQHandler	8	static
/media/rccyuvyu/Data/share/c/c/Microcomputer/STM32/RM/damiao_mc02_bsp/dm02_mouse_test/Core/Src/stm32h7xx_it.c:459:6:EXTI15_10_IRQHandler	8	static
/media/rccyuvyu/Data/share/c/c/Microcomputer/STM32/RM/damiao_mc02_bsp/dm02_mouse_test/Core/Src/stm32h7xx_it.c:474:6:TIM8_UP_TIM13_IRQHandler	8	static
/media/rccyuvyu/Data/share/c/c/Microcomputer/STM32/RM/damiao_mc02_bsp/dm02_mouse_test/Core/Src/stm32h7xx_it.c:488:6:DMA1_Stream7_IRQHandler	8	static
/media/rccyuvyu/Data/share/c/c/Microcomputer/STM32/RM/damiao_mc02_bsp/dm02_mouse_test/Core/Src/stm32h7xx_it.c:502:6:TIM5_IRQHandler	8	static
/media/rccyuvyu/Data/share/c/c/Microcomputer/STM32/RM/damiao_mc02_bsp/dm02_mouse_test/Core/Src/stm32h7xx_it.c:516:6:UART5_IRQHandler	8	static
/media/rccyuvyu/Data/share/c/c/Microcomputer/STM32/RM/damiao_mc02_bsp/dm02_mouse_test/Core/Src/stm32h7xx_it.c:530:6:TIM6_DAC_IRQHandler	8	static
/media/rccyuvyu/Data/share/c/c/Microcomputer/STM32/RM/damiao_mc02_bsp/dm02_mouse_test/Core/Src/stm32h7xx_it.c:544:6:TIM7_IRQHandler	8	static
/media/rccyuvyu/Data/share/c/c/Microcomputer/STM32/RM/damiao_mc02_bsp/dm02_mouse_test/Core/Src/stm32h7xx_it.c:558:6:DMA2_Stream0_IRQHandler	8	static
/media/rccyuvyu/Data/share/c/c/Microcomputer/STM32/RM/damiao_mc02_bsp/dm02_mouse_test/Core/Src/stm32h7xx_it.c:572:6:DMA2_Stream1_IRQHandler	8	static
/media/rccyuvyu/Data/share/c/c/Microcomputer/STM32/RM/damiao_mc02_bsp/dm02_mouse_test/Core/Src/stm32h7xx_it.c:586:6:DMA2_Stream2_IRQHandler	8	static
/media/rccyuvyu/Data/share/c/c/Microcomputer/STM32/RM/damiao_mc02_bsp/dm02_mouse_test/Core/Src/stm32h7xx_it.c:600:6:DMA2_Stream3_IRQHandler	8	static
/media/rccyuvyu/Data/share/c/c/Microcomputer/STM32/RM/damiao_mc02_bsp/dm02_mouse_test/Core/Src/stm32h7xx_it.c:614:6:DMA2_Stream4_IRQHandler	8	static
/media/rccyuvyu/Data/share/c/c/Microcomputer/STM32/RM/damiao_mc02_bsp/dm02_mouse_test/Core/Src/stm32h7xx_it.c:628:6:DMA2_Stream5_IRQHandler	8	static
/media/rccyuvyu/Data/share/c/c/Microcomputer/STM32/RM/damiao_mc02_bsp/dm02_mouse_test/Core/Src/stm32h7xx_it.c:642:6:OTG_HS_IRQHandler	8	static
/media/rccyuvyu/Data/share/c/c/Microcomputer/STM32/RM/damiao_mc02_bsp/dm02_mouse_test/Core/Src/stm32h7xx_it.c:656:6:UART7_IRQHandler	8	static
/media/rccyuvyu/Data/share/c/c/Microcomputer/STM32/RM/damiao_mc02_bsp/dm02_mouse_test/Core/Src/stm32h7xx_it.c:670:6:MDMA_IRQHandler	8	static
/media/rccyuvyu/Data/share/c/c/Microcomputer/STM32/RM/damiao_mc02_bsp/dm02_mouse_test/Core/Src/stm32h7xx_it.c:684:6:OCTOSPI2_IRQHandler	8	static
/media/rccyuvyu/Data/share/c/c/Microcomputer/STM32/RM/damiao_mc02_bsp/dm02_mouse_test/Core/Src/stm32h7xx_it.c:698:6:USART10_IRQHandler	8	static
/media/rccyuvyu/Data/share/c/c/Microcomputer/STM32/RM/damiao_mc02_bsp/dm02_mouse_test/Core/Src/stm32h7xx_it.c:712:6:FDCAN3_IT0_IRQHandler	8	static
/media/rccyuvyu/Data/share/c/c/Microcomputer/STM32/RM/damiao_mc02_bsp/dm02_mouse_test/Core/Src/stm32h7xx_it.c:726:6:FDCAN3_IT1_IRQHandler	8	static
