/media/rccyuvyu/Data/share/c/c/Microcomputer/STM32/RM/damiao_mc02_bsp/dm02_mouse_test/Core/Src/tim.c:203:6:MX_TIM4_Init	40	static
/media/rccyuvyu/Data/share/c/c/Microcomputer/STM32/RM/damiao_mc02_bsp/dm02_mouse_test/Core/Src/tim.c:243:6:MX_TIM5_Init	40	static
/media/rccyuvyu/Data/share/c/c/Microcomputer/STM32/RM/damiao_mc02_bsp/dm02_mouse_test/Core/Src/tim.c:283:6:MX_TIM6_Init	24	static
/media/rccyuvyu/Data/share/c/c/Microcomputer/STM32/RM/damiao_mc02_bsp/dm02_mouse_test/Core/Src/tim.c:316:6:MX_TIM7_Init	24	static
/media/rccyuvyu/Data/share/c/c/Microcomputer/STM32/RM/damiao_mc02_bsp/dm02_mouse_test/Core/Src/tim.c:349:6:MX_TIM8_Init	40	static
/media/rccyuvyu/Data/share/c/c/Microcomputer/STM32/RM/damiao_mc02_bsp/dm02_mouse_test/Core/Src/tim.c:436:6:HAL_TIM_PWM_MspInit	16	static
/media/rccyuvyu/Data/share/c/c/Microcomputer/STM32/RM/damiao_mc02_bsp/dm02_mouse_test/Core/Src/tim.c:485:6:HAL_TIM_Base_MspInit	32	static
/media/rccyuvyu/Data/share/c/c/Microcomputer/STM32/RM/damiao_mc02_bsp/dm02_mouse_test/Core/Src/tim.c:564:6:HAL_TIM_MspPostInit	48	static
/media/rccyuvyu/Data/share/c/c/Microcomputer/STM32/RM/damiao_mc02_bsp/dm02_mouse_test/Core/Src/tim.c:38:6:MX_TIM1_Init	104	static
/media/rccyuvyu/Data/share/c/c/Microcomputer/STM32/RM/damiao_mc02_bsp/dm02_mouse_test/Core/Src/tim.c:109:6:MX_TIM2_Init	48	static
/media/rccyuvyu/Data/share/c/c/Microcomputer/STM32/RM/damiao_mc02_bsp/dm02_mouse_test/Core/Src/tim.c:159:6:MX_TIM3_Init	48	static
/media/rccyuvyu/Data/share/c/c/Microcomputer/STM32/RM/damiao_mc02_bsp/dm02_mouse_test/Core/Src/tim.c:391:6:MX_TIM12_Init	48	static
/media/rccyuvyu/Data/share/c/c/Microcomputer/STM32/RM/damiao_mc02_bsp/dm02_mouse_test/Core/Src/tim.c:656:6:HAL_TIM_PWM_MspDeInit	0	static
/media/rccyuvyu/Data/share/c/c/Microcomputer/STM32/RM/damiao_mc02_bsp/dm02_mouse_test/Core/Src/tim.c:705:6:HAL_TIM_Base_MspDeInit	8	static
