/media/rccyuvyu/Data/share/c/c/Microcomputer/STM32/RM/damiao_mc02_bsp/dm02_mouse_test/User_File/2_Device/BSP/WS2812/bsp_ws2812.cpp:81:1:void __static_initialization_and_destruction_0(int, int)	0	static
/media/rccyuvyu/Data/share/c/c/Microcomputer/STM32/RM/damiao_mc02_bsp/dm02_mouse_test/User_File/2_Device/BSP/WS2812/bsp_ws2812.cpp:54:6:void Class_WS2812::Init(const uint8_t&, const uint8_t&, const uint8_t&)	4	static
/media/rccyuvyu/Data/share/c/c/Microcomputer/STM32/RM/damiao_mc02_bsp/dm02_mouse_test/User_File/2_Device/BSP/WS2812/bsp_ws2812.cpp:67:6:void Class_WS2812::TIM_10ms_Write_PeriodElapsedCallback() const	24	static
/media/rccyuvyu/Data/share/c/c/Microcomputer/STM32/RM/damiao_mc02_bsp/dm02_mouse_test/User_File/2_Device/BSP/WS2812/bsp_ws2812.cpp:81:1:cpp)	8	static
