/media/rccyuvyu/Data/share/c/c/Microcomputer/STM32/RM/damiao_mc02_bsp/dm02_mouse_test/User_File/2_Device/BSP/Key/bsp_key.cpp:75:1:void __static_initialization_and_destruction_0(int, int)	0	static
/media/rccyuvyu/Data/share/c/c/Microcomputer/STM32/RM/damiao_mc02_bsp/dm02_mouse_test/User_File/2_Device/BSP/Key/bsp_key.cpp:31:6:void Class_Key::Init()	8	static
/media/rccyuvyu/Data/share/c/c/Microcomputer/STM32/RM/damiao_mc02_bsp/dm02_mouse_test/User_File/2_Device/BSP/Key/bsp_key.cpp:40:6:void Class_Key::TIM_1ms_Process_PeriodElapsedCallback()	0	static
/media/rccyuvyu/Data/share/c/c/Microcomputer/STM32/RM/damiao_mc02_bsp/dm02_mouse_test/User_File/2_Device/BSP/Key/bsp_key.cpp:72:6:void Class_Key::TIM_50ms_Read_PeriodElapsedCallback()	8	static
/media/rccyuvyu/Data/share/c/c/Microcomputer/STM32/RM/damiao_mc02_bsp/dm02_mouse_test/User_File/2_Device/BSP/Key/bsp_key.cpp:75:1:cpp)	8	static
