/media/rccyuvyu/Data/share/c/c/Microcomputer/STM32/RM/damiao_mc02_bsp/dm02_mouse_test/User_File/1_Middleware/System/Timestamp/sys_timestamp.cpp:109:1:void __static_initialization_and_destruction_0(int, int)	0	static
/media/rccyuvyu/Data/share/c/c/Microcomputer/STM32/RM/damiao_mc02_bsp/dm02_mouse_test/User_File/1_Middleware/System/Timestamp/sys_timestamp.cpp:38:6:void Class_Timestamp::Init(TIM_HandleTypeDef*)	0	static
/media/rccyuvyu/Data/share/c/c/Microcomputer/STM32/RM/damiao_mc02_bsp/dm02_mouse_test/User_File/1_Middleware/System/Timestamp/sys_timestamp.cpp:47:6:void Class_Timestamp::TIM_3600s_PeriodElapsedCallback()	0	static
/media/rccyuvyu/Data/share/c/c/Microcomputer/STM32/RM/damiao_mc02_bsp/dm02_mouse_test/User_File/1_Middleware/System/Timestamp/sys_timestamp.cpp:57:10:uint64_t Class_Timestamp::Calculate_Timestamp() const	0	static
/media/rccyuvyu/Data/share/c/c/Microcomputer/STM32/RM/damiao_mc02_bsp/dm02_mouse_test/User_File/1_Middleware/System/Timestamp/sys_timestamp.cpp:74:6:void Namespace_SYS_Timestamp::Delay_Second(const uint32_t&)	24	static
/media/rccyuvyu/Data/share/c/c/Microcomputer/STM32/RM/damiao_mc02_bsp/dm02_mouse_test/User_File/1_Middleware/System/Timestamp/sys_timestamp.cpp:88:6:void Namespace_SYS_Timestamp::Delay_Millisecond(const uint32_t&)	24	static
/media/rccyuvyu/Data/share/c/c/Microcomputer/STM32/RM/damiao_mc02_bsp/dm02_mouse_test/User_File/1_Middleware/System/Timestamp/sys_timestamp.cpp:102:6:void Namespace_SYS_Timestamp::Delay_Microsecond(const uint32_t&)	24	static
/media/rccyuvyu/Data/share/c/c/Microcomputer/STM32/RM/damiao_mc02_bsp/dm02_mouse_test/User_File/1_Middleware/System/Timestamp/sys_timestamp.cpp:109:1:cpp)	8	static
