/media/rccyuvyu/Data/share/c/c/Microcomputer/STM32/RM/damiao_mc02_bsp/dm02_mouse_test/User_File/1_Middleware/Driver/UART/drv_uart.cpp:47:6:void UART_Init(UART_HandleTypeDef*, UART_Callback)	8	static
/media/rccyuvyu/Data/share/c/c/Microcomputer/STM32/RM/damiao_mc02_bsp/dm02_mouse_test/User_File/1_Middleware/Driver/UART/drv_uart.cpp:136:6:void UART_Reinit(UART_HandleTypeDef*)	8	static
/media/rccyuvyu/Data/share/c/c/Microcomputer/STM32/RM/damiao_mc02_bsp/dm02_mouse_test/User_File/1_Middleware/Driver/UART/drv_uart.cpp:198:9:uint8_t UART_Transmit_Data(UART_HandleTypeDef*, uint8_t*, uint16_t)	8	static
/media/rccyuvyu/Data/share/c/c/Microcomputer/STM32/RM/damiao_mc02_bsp/dm02_mouse_test/User_File/1_Middleware/Driver/UART/drv_uart.cpp:209:6:void HAL_UARTEx_RxEventCallback(UART_HandleTypeDef*, uint16_t)	16	static
/media/rccyuvyu/Data/share/c/c/Microcomputer/STM32/RM/damiao_mc02_bsp/dm02_mouse_test/User_File/1_Middleware/Driver/UART/drv_uart.cpp:476:6:void HAL_UART_ErrorCallback(UART_HandleTypeDef*)	8	static
