/media/rccyuvyu/Data/share/c/c/Microcomputer/STM32/RM/damiao_mc02_bsp/dm02_mouse_test/User_File/2_Device/BSP/Buzzer/bsp_buzzer.cpp:183:1:void __static_initialization_and_destruction_0(int, int)	0	static
/media/rccyuvyu/Data/share/c/c/Microcomputer/STM32/RM/damiao_mc02_bsp/dm02_mouse_test/User_File/1_Middleware/Algorithm/Basic/alg_basic.h:70:6:Type Basic_Math_Constrain(Type, Type, Type) [with Type = float]	0	static
/media/rccyuvyu/Data/share/c/c/Microcomputer/STM32/RM/damiao_mc02_bsp/dm02_mouse_test/User_File/2_Device/BSP/Buzzer/bsp_buzzer.cpp:168:6:void Class_Buzzer::Init(const float&, const float&)	24	static
/media/rccyuvyu/Data/share/c/c/Microcomputer/STM32/RM/damiao_mc02_bsp/dm02_mouse_test/User_File/2_Device/BSP/Buzzer/bsp_buzzer.cpp:183:1:cpp)	8	static
