/media/rccyuvyu/Data/share/c/c/Microcomputer/STM32/RM/damiao_mc02_bsp/dm02_mouse_test/User_File/1_Middleware/Driver/CAN/drv_can.cpp:76:6:void can_filter_mask_config(FDCAN_HandleTypeDef*)	56	static
/media/rccyuvyu/Data/share/c/c/Microcomputer/STM32/RM/damiao_mc02_bsp/dm02_mouse_test/User_File/1_Middleware/Driver/CAN/drv_can.cpp:102:6:void CAN_Init(FDCAN_HandleTypeDef*, CAN_Callback)	8	static
/media/rccyuvyu/Data/share/c/c/Microcomputer/STM32/RM/damiao_mc02_bsp/dm02_mouse_test/User_File/1_Middleware/Driver/CAN/drv_can.cpp:134:9:uint8_t CAN_Transmit_Data(FDCAN_HandleTypeDef*, uint16_t, uint8_t*, uint16_t)	48	static
/media/rccyuvyu/Data/share/c/c/Microcomputer/STM32/RM/damiao_mc02_bsp/dm02_mouse_test/User_File/1_Middleware/Driver/CAN/drv_can.cpp:155:6:void TIM_100us_CAN_PeriodElapsedCallback()	0	static
/media/rccyuvyu/Data/share/c/c/Microcomputer/STM32/RM/damiao_mc02_bsp/dm02_mouse_test/User_File/1_Middleware/Driver/CAN/drv_can.cpp:163:6:void TIM_1ms_CAN_PeriodElapsedCallback()	8	static
/media/rccyuvyu/Data/share/c/c/Microcomputer/STM32/RM/damiao_mc02_bsp/dm02_mouse_test/User_File/1_Middleware/Driver/CAN/drv_can.cpp:185:6:void HAL_FDCAN_RxFifo0Callback(FDCAN_HandleTypeDef*, uint32_t)	8	static
/media/rccyuvyu/Data/share/c/c/Microcomputer/STM32/RM/damiao_mc02_bsp/dm02_mouse_test/User_File/1_Middleware/Driver/CAN/drv_can.cpp:260:6:void HAL_FDCAN_ErrorStatusCallback(FDCAN_HandleTypeDef*, uint32_t)	8	static
