/media/rccyuvyu/Data/share/c/c/Microcomputer/STM32/RM/damiao_mc02_bsp/dm02_mouse_test/User_File/1_Middleware/Driver/OSPI/drv_ospi.cpp:37:6:void OSPI_Init(OSPI_HandleTypeDef*, OSPI_Status_Match_Callback, OSPI_Rx_Callback, OSPI_Tx_Callback)	8	static
/media/rccyuvyu/Data/share/c/c/Microcomputer/STM32/RM/damiao_mc02_bsp/dm02_mouse_test/User_File/1_Middleware/Driver/OSPI/drv_ospi.cpp:59:6:void OSPI_Auto_Polling(OSPI_HandleTypeDef*, OSPI_AutoPollingTypeDef*)	8	static
/media/rccyuvyu/Data/share/c/c/Microcomputer/STM32/RM/damiao_mc02_bsp/dm02_mouse_test/User_File/1_Middleware/Driver/OSPI/drv_ospi.cpp:76:6:void OSPI_Command(OSPI_HandleTypeDef*, OSPI_RegularCmdTypeDef*)	8	static
/media/rccyuvyu/Data/share/c/c/Microcomputer/STM32/RM/damiao_mc02_bsp/dm02_mouse_test/User_File/1_Middleware/Driver/OSPI/drv_ospi.cpp:93:6:void OSPI_Command_Transmit_Data(OSPI_HandleTypeDef*, OSPI_RegularCmdTypeDef*)	8	static
/media/rccyuvyu/Data/share/c/c/Microcomputer/STM32/RM/damiao_mc02_bsp/dm02_mouse_test/User_File/1_Middleware/Driver/OSPI/drv_ospi.cpp:112:6:void OSPI_Command_Receive_Data(OSPI_HandleTypeDef*, OSPI_RegularCmdTypeDef*)	8	static
/media/rccyuvyu/Data/share/c/c/Microcomputer/STM32/RM/damiao_mc02_bsp/dm02_mouse_test/User_File/1_Middleware/Driver/OSPI/drv_ospi.cpp:131:6:void OSPI_Command_Transmit_Receive_Data(OSPI_HandleTypeDef*, OSPI_RegularCmdTypeDef*)	16	static
/media/rccyuvyu/Data/share/c/c/Microcomputer/STM32/RM/damiao_mc02_bsp/dm02_mouse_test/User_File/1_Middleware/Driver/OSPI/drv_ospi.cpp:151:6:void HAL_OSPI_StatusMatchCallback(OSPI_HandleTypeDef*)	8	static
/media/rccyuvyu/Data/share/c/c/Microcomputer/STM32/RM/damiao_mc02_bsp/dm02_mouse_test/User_File/1_Middleware/Driver/OSPI/drv_ospi.cpp:178:6:void HAL_OSPI_RxCpltCallback(OSPI_HandleTypeDef*)	8	static
/media/rccyuvyu/Data/share/c/c/Microcomputer/STM32/RM/damiao_mc02_bsp/dm02_mouse_test/User_File/1_Middleware/Driver/OSPI/drv_ospi.cpp:205:6:void HAL_OSPI_TxCpltCallback(OSPI_HandleTypeDef*)	8	static
