/media/rccyuvyu/Data/share/c/c/Microcomputer/STM32/RM/damiao_mc02_bsp/dm02_mouse_test/User_File/2_Device/BSP/Power/bsp_power.cpp:42:1:void __static_initialization_and_destruction_0(int, int)	0	static
/media/rccyuvyu/Data/share/c/c/Microcomputer/STM32/RM/damiao_mc02_bsp/dm02_mouse_test/User_File/2_Device/BSP/Power/bsp_power.cpp:35:6:void Class_Power::Init(const bool&, const bool&, const bool&)	16	static
/media/rccyuvyu/Data/share/c/c/Microcomputer/STM32/RM/damiao_mc02_bsp/dm02_mouse_test/User_File/2_Device/BSP/Power/bsp_power.cpp:42:1:cpp)	8	static
