/media/rccyuvyu/Data/share/c/c/Microcomputer/STM32/RM/damiao_mc02_bsp/dm02_mouse_test/User_File/2_Device/BSP/W25Q64JV/bsp_w25q64jv.cpp:131:1:void __static_initialization_and_destruction_0(int, int)	32	static
/media/rccyuvyu/Data/share/c/c/Microcomputer/STM32/RM/damiao_mc02_bsp/dm02_mouse_test/User_File/2_Device/BSP/W25Q64JV/bsp_w25q64jv.cpp:33:6:void Class_W25Q64JV::Init(const Enum_W25Q64JV_Mode&)	32	static
/media/rccyuvyu/Data/share/c/c/Microcomputer/STM32/RM/damiao_mc02_bsp/dm02_mouse_test/User_File/2_Device/BSP/W25Q64JV/bsp_w25q64jv.cpp:66:6:void Class_W25Q64JV::OSPI_StatusMatchCallback()	0	static
/media/rccyuvyu/Data/share/c/c/Microcomputer/STM32/RM/damiao_mc02_bsp/dm02_mouse_test/User_File/2_Device/BSP/W25Q64JV/bsp_w25q64jv.cpp:107:6:void Class_W25Q64JV::TIM_1ms_AutoPollingTimeout_PeriodElapsedCallback()	8	static
/media/rccyuvyu/Data/share/c/c/Microcomputer/STM32/RM/damiao_mc02_bsp/dm02_mouse_test/User_File/2_Device/BSP/W25Q64JV/bsp_w25q64jv.cpp:120:6:void Class_W25Q64JV::Auto_Polling_With_Timeout()	40	static
/media/rccyuvyu/Data/share/c/c/Microcomputer/STM32/RM/damiao_mc02_bsp/dm02_mouse_test/User_File/2_Device/BSP/W25Q64JV/bsp_w25q64jv.cpp:87:6:void Class_W25Q64JV::OSPI_RxCallback()	8	static
/media/rccyuvyu/Data/share/c/c/Microcomputer/STM32/RM/damiao_mc02_bsp/dm02_mouse_test/User_File/2_Device/BSP/W25Q64JV/bsp_w25q64jv.cpp:97:6:void Class_W25Q64JV::OSPI_TxCallback()	8	static
/media/rccyuvyu/Data/share/c/c/Microcomputer/STM32/RM/damiao_mc02_bsp/dm02_mouse_test/User_File/2_Device/BSP/W25Q64JV/bsp_w25q64jv.cpp:131:1:cpp)	8	static
