/media/rccyuvyu/Data/share/c/c/Microcomputer/STM32/RM/damiao_mc02_bsp/dm02_mouse_test/Drivers/STM32H7xx_HAL_Driver/Src/stm32h7xx_hal_exti.c:170:19:HAL_EXTI_SetConfigLine	20	static
/media/rccyuvyu/Data/share/c/c/Microcomputer/STM32/RM/damiao_mc02_bsp/dm02_mouse_test/Drivers/STM32H7xx_HAL_Driver/Src/stm32h7xx_hal_exti.c:374:19:HAL_EXTI_GetConfigLine	12	static
/media/rccyuvyu/Data/share/c/c/Microcomputer/STM32/RM/damiao_mc02_bsp/dm02_mouse_test/Drivers/STM32H7xx_HAL_Driver/Src/stm32h7xx_hal_exti.c:512:19:HAL_EXTI_ClearConfigLine	24	static
/media/rccyuvyu/Data/share/c/c/Microcomputer/STM32/RM/damiao_mc02_bsp/dm02_mouse_test/Drivers/STM32H7xx_HAL_Driver/Src/stm32h7xx_hal_exti.c:612:19:HAL_EXTI_RegisterCallback	0	static
/media/rccyuvyu/Data/share/c/c/Microcomputer/STM32/RM/damiao_mc02_bsp/dm02_mouse_test/Drivers/STM32H7xx_HAL_Driver/Src/stm32h7xx_hal_exti.c:644:19:HAL_EXTI_GetHandle	0	static
/media/rccyuvyu/Data/share/c/c/Microcomputer/STM32/RM/damiao_mc02_bsp/dm02_mouse_test/Drivers/STM32H7xx_HAL_Driver/Src/stm32h7xx_hal_exti.c:685:6:HAL_EXTI_IRQHandler	8	static
/media/rccyuvyu/Data/share/c/c/Microcomputer/STM32/RM/damiao_mc02_bsp/dm02_mouse_test/Drivers/STM32H7xx_HAL_Driver/Src/stm32h7xx_hal_exti.c:737:10:HAL_EXTI_GetPending	0	static
/media/rccyuvyu/Data/share/c/c/Microcomputer/STM32/RM/damiao_mc02_bsp/dm02_mouse_test/Drivers/STM32H7xx_HAL_Driver/Src/stm32h7xx_hal_exti.c:788:6:HAL_EXTI_ClearPending	0	static
/media/rccyuvyu/Data/share/c/c/Microcomputer/STM32/RM/damiao_mc02_bsp/dm02_mouse_test/Drivers/STM32H7xx_HAL_Driver/Src/stm32h7xx_hal_exti.c:830:6:HAL_EXTI_GenerateSWI	0	static
