/media/rccyuvyu/Data/share/c/c/Microcomputer/STM32/RM/damiao_mc02_bsp/dm02_mouse_test/User_File/1_Middleware/Algorithm/Matrix/alg_matrix.cpp:29:24:Class_Matrix_f32<2, 1> Namespace_ALG_Matrix::Axis_X_2d()	8	static
/media/rccyuvyu/Data/share/c/c/Microcomputer/STM32/RM/damiao_mc02_bsp/dm02_mouse_test/User_File/1_Middleware/Algorithm/Matrix/alg_matrix.cpp:41:24:Class_Matrix_f32<2, 1> Namespace_ALG_Matrix::Axis_Y_2d()	8	static
/media/rccyuvyu/Data/share/c/c/Microcomputer/STM32/RM/damiao_mc02_bsp/dm02_mouse_test/User_File/1_Middleware/Algorithm/Matrix/alg_matrix.cpp:53:24:Class_Matrix_f32<3, 1> Namespace_ALG_Matrix::Axis_X_3d()	16	static
/media/rccyuvyu/Data/share/c/c/Microcomputer/STM32/RM/damiao_mc02_bsp/dm02_mouse_test/User_File/1_Middleware/Algorithm/Matrix/alg_matrix.cpp:66:24:Class_Matrix_f32<3, 1> Namespace_ALG_Matrix::Axis_Y_3d()	16	static
/media/rccyuvyu/Data/share/c/c/Microcomputer/STM32/RM/damiao_mc02_bsp/dm02_mouse_test/User_File/1_Middleware/Algorithm/Matrix/alg_matrix.cpp:79:24:Class_Matrix_f32<3, 1> Namespace_ALG_Matrix::Axis_Z_3d()	16	static
/media/rccyuvyu/Data/share/c/c/Microcomputer/STM32/RM/damiao_mc02_bsp/dm02_mouse_test/User_File/1_Middleware/Algorithm/Matrix/alg_matrix.cpp:94:24:Class_Matrix_f32<2, 2> Namespace_ALG_Matrix::From_Angle(const float&)	32	static
/media/rccyuvyu/Data/share/c/c/Microcomputer/STM32/RM/damiao_mc02_bsp/dm02_mouse_test/User_File/1_Middleware/Algorithm/Matrix/alg_matrix.cpp:114:24:Class_Matrix_f32<3, 3> Namespace_ALG_Matrix::From_Axis_Angle(const float&, const Class_Matrix_f32<3, 1>&)	64	static
/media/rccyuvyu/Data/share/c/c/Microcomputer/STM32/RM/damiao_mc02_bsp/dm02_mouse_test/User_File/1_Middleware/Algorithm/Matrix/alg_matrix.cpp:140:24:Class_Matrix_f32<3, 3> Namespace_ALG_Matrix::From_Euler_Angle(const float&, const float&, const float&)	88	static
/media/rccyuvyu/Data/share/c/c/Microcomputer/STM32/RM/damiao_mc02_bsp/dm02_mouse_test/User_File/1_Middleware/Algorithm/Matrix/alg_matrix.cpp:172:24:Class_Matrix_f32<3, 1> Namespace_ALG_Matrix::Operator_Cross_3d(const Class_Matrix_f32<3, 1>&, const Class_Matrix_f32<3, 1>&)	24	static
/media/rccyuvyu/Data/share/c/c/Microcomputer/STM32/RM/damiao_mc02_bsp/dm02_mouse_test/User_File/1_Middleware/Algorithm/Matrix/alg_matrix.cpp:188:7:float Namespace_ALG_Matrix::Operator_Cross_2d(const Class_Matrix_f32<2, 1>&, const Class_Matrix_f32<2, 1>&)	0	static
