/media/rccyuvyu/Data/share/c/c/Microcomputer/STM32/RM/damiao_mc02_bsp/dm02_mouse_test/User_File/4_Task/tsk_config_and_callback.cpp:52:6:void SPI2_Callback(uint8_t*, uint8_t*, uint16_t, uint16_t)	8	static
/media/rccyuvyu/Data/share/c/c/Microcomputer/STM32/RM/damiao_mc02_bsp/dm02_mouse_test/User_File/4_Task/tsk_config_and_callback.cpp:64:6:void OSPI2_Polling_Callback()	8	static
/media/rccyuvyu/Data/share/c/c/Microcomputer/STM32/RM/damiao_mc02_bsp/dm02_mouse_test/User_File/4_Task/tsk_config_and_callback.cpp:73:6:void OSPI2_Rx_Callback(uint8_t*)	8	static
/media/rccyuvyu/Data/share/c/c/Microcomputer/STM32/RM/damiao_mc02_bsp/dm02_mouse_test/User_File/4_Task/tsk_config_and_callback.cpp:81:6:void OSPI2_Tx_Callback(uint8_t*)	8	static
/media/rccyuvyu/Data/share/c/c/Microcomputer/STM32/RM/damiao_mc02_bsp/dm02_mouse_test/User_File/4_Task/tsk_config_and_callback.cpp:90:6:void Task3600s_Callback()	8	static
/media/rccyuvyu/Data/share/c/c/Microcomputer/STM32/RM/damiao_mc02_bsp/dm02_mouse_test/User_File/4_Task/tsk_config_and_callback.cpp:99:6:void Task1s_Callback()	0	static
/media/rccyuvyu/Data/share/c/c/Microcomputer/STM32/RM/damiao_mc02_bsp/dm02_mouse_test/User_File/4_Task/tsk_config_and_callback.cpp:235:6:void Task125us_Callback()	8	static
/media/rccyuvyu/Data/share/c/c/Microcomputer/STM32/RM/damiao_mc02_bsp/dm02_mouse_test/User_File/4_Task/tsk_config_and_callback.cpp:244:6:void Task10us_Callback()	8	static
/media/rccyuvyu/Data/share/c/c/Microcomputer/STM32/RM/damiao_mc02_bsp/dm02_mouse_test/User_File/4_Task/tsk_config_and_callback.cpp:253:6:void Task_Init()	32	static
/media/rccyuvyu/Data/share/c/c/Microcomputer/STM32/RM/damiao_mc02_bsp/dm02_mouse_test/User_File/4_Task/tsk_config_and_callback.cpp:294:6:void Task_Loop()	16	static
/media/rccyuvyu/Data/share/c/c/Microcomputer/STM32/RM/damiao_mc02_bsp/dm02_mouse_test/User_File/4_Task/tsk_config_and_callback.cpp:304:6:void HAL_GPIO_EXTI_Callback(uint16_t)	8	static
/media/rccyuvyu/Data/share/c/c/Microcomputer/STM32/RM/damiao_mc02_bsp/dm02_mouse_test/User_File/1_Middleware/Algorithm/Basic/alg_basic.h:70:6:Type Basic_Math_Constrain(Type, Type, Type) [with Type = float]	0	static
/media/rccyuvyu/Data/share/c/c/Microcomputer/STM32/RM/damiao_mc02_bsp/dm02_mouse_test/User_File/1_Middleware/Algorithm/Basic/alg_basic.h:93:6:Type Basic_Math_Constrain(Type*, Type, Type) [with Type = int]	0	static
/media/rccyuvyu/Data/share/c/c/Microcomputer/STM32/RM/damiao_mc02_bsp/dm02_mouse_test/User_File/4_Task/tsk_config_and_callback.cpp:107:6:void Task1ms_Callback()	64	static
/media/rccyuvyu/Data/share/c/c/Microcomputer/STM32/RM/damiao_mc02_bsp/dm02_mouse_test/User_File/4_Task/tsk_config_and_callback.cpp:322:6:void HAL_TIM_PeriodElapsedCallback(TIM_HandleTypeDef*)	8	static
